main.c:101:6:set_green_led	16	static
main.c:103:6:set_yellow_led	16	static
main.c:105:6:set_red_led	16	static
main.c:107:5:is_btn_clicked	8	static
main.c:115:6:set_no_one_led	16	static
main.c:227:6:print	16	static
main.c:235:6:println	16	static
main.c:240:6:print_format	16	static
main.c:250:6:string_equals	16	static
main.c:252:6:starts_with	16	static
main.c:254:6:set_active_mode	16	static
main.c:260:6:handle_set_command	16	static
main.c:268:6:handle_new_command	24	static
main.c:295:6:handle_new_command_timeout	16	static
main.c:312:6:handle_command_line	56	static
main.c:334:6:readln	56	static
main.c:366:6:HAL_UART_RxCpltCallback	16	static
main.c:368:6:HAL_UART_TxCpltCallback	16	static
main.c:376:5:main	24	static
main.c:431:6:SystemClock_Config	88	static
main.c:474:6:Error_Handler	4	static
